A B C
b 4 __to_upper__([2,2])
10 10 sadfa
10 10 aasd
